// Jest Snapshot v1, https://goo.gl/fbAQLP

exports[`<ItemGrid /> renders correctly 1`] = `
<DocumentFragment>
  <div
    class="MuiGrid-root MuiGrid-container MuiGrid-spacing-xs-2 css-1ebqi03-MuiGrid-root"
  >
    <div
      class="MuiGrid-root MuiGrid-item MuiGrid-grid-xs-6 MuiGrid-grid-sm-4 MuiGrid-grid-lg-3 css-16cooyn-MuiGrid-root"
    >
      <div
        class="MuiPaper-root MuiPaper-elevation MuiPaper-rounded MuiPaper-elevation1 MuiCard-root css-7f9rp6-MuiPaper-root-MuiCard-root"
      >
        <button
          class="MuiButtonBase-root MuiCardActionArea-root css-b6lsxj-MuiButtonBase-root-MuiCardActionArea-root"
          role="gridcell"
          tabindex="0"
          type="button"
        >
          <div
            class="MuiCardContent-root css-46bh2p-MuiCardContent-root"
          >
            <h6
              class="MuiTypography-root MuiTypography-h6 css-1lt47b1-MuiTypography-root"
            >
              dummy_name
            </h6>
            <div
              class="MuiBox-root css-15p9n5u"
            />
            <p
              class="MuiTypography-root MuiTypography-body2 css-l1juks-MuiTypography-root"
            />
            <div
              class="MuiBox-root css-164r41r"
            >
              <div
                class="MuiChip-root MuiChip-filled MuiChip-sizeSmall MuiChip-colorDefault MuiChip-filledDefault css-10rs1bw-MuiChip-root"
              >
                <span
                  class="MuiChip-label MuiChip-labelSmall css-wjsjww-MuiChip-label"
                >
                  Tweak
                </span>
              </div>
            </div>
          </div>
          <span
            class="MuiCardActionArea-focusHighlight css-1v2exvi-MuiCardActionArea-focusHighlight"
          />
          <span
            class="MuiTouchRipple-root css-8je8zh-MuiTouchRipple-root"
          />
        </button>
        <div
          class="MuiCardActions-root MuiCardActions-spacing css-1t6e9jv-MuiCardActions-root"
        >
          <button
            class="MuiButtonBase-root MuiButton-root MuiButton-text MuiButton-textPrimary MuiButton-sizeSmall MuiButton-textSizeSmall css-fy9mre-MuiButtonBase-root-MuiButton-root"
            tabindex="0"
            type="button"
          >
            action_customize
            <span
              class="MuiTouchRipple-root css-8je8zh-MuiTouchRipple-root"
            />
          </button>
        </div>
      </div>
    </div>
  </div>
</DocumentFragment>
`;
