// Jest Snapshot v1, https://goo.gl/fbAQLP

exports[`<PopUpDialog /> renders correctly 1`] = `<DocumentFragment />`;
