// Jest Snapshot v1, https://goo.gl/fbAQLP

exports[`<Terms /> renders correctly 1`] = `<DocumentFragment />`;
