// Jest Snapshot v1, https://goo.gl/fbAQLP

exports[`<Privacy /> renders correctly 1`] = `<DocumentFragment />`;
